not hi

